// Jest Snapshot v1, https://goo.gl/fbAQLP

exports[`can find props 1`] = `
Array [
  Object {
    "importLocation": undefined,
    "location": Object {
      "codePosition": Object {
        "endColumnNumber": 28,
        "endLineNumber": 9,
        "startColumnNumber": 7,
        "startLineNumber": 9,
      },
      "path": "/app.tsx",
    },
    "name": "div",
    "props": Object {
      "className": Object {
        "definitionPosition": Object {
          "endColumnNumber": 27,
          "endLineNumber": 9,
          "startColumnNumber": 12,
          "startLineNumber": 9,
        },
        "name": "className",
        "namePosition": Object {
          "endColumnNumber": 21,
          "endLineNumber": 9,
          "startColumnNumber": 12,
          "startLineNumber": 9,
        },
        "valuePosition": Object {
          "endColumnNumber": 27,
          "endLineNumber": 9,
          "startColumnNumber": 22,
          "startLineNumber": 9,
        },
      },
    },
  },
  Object {
    "importLocation": Object {
      "importName": "default",
      "importPath": "./Input",
    },
    "location": Object {
      "codePosition": Object {
        "endColumnNumber": 18,
        "endLineNumber": 10,
        "startColumnNumber": 9,
        "startLineNumber": 10,
      },
      "path": "/app.tsx",
    },
    "name": "Input",
    "props": Object {},
  },
  Object {
    "importLocation": undefined,
    "location": Object {
      "codePosition": Object {
        "endColumnNumber": 14,
        "endLineNumber": 11,
        "startColumnNumber": 9,
        "startLineNumber": 11,
      },
      "path": "/app.tsx",
    },
    "name": "div",
    "props": Object {},
  },
  Object {
    "importLocation": Object {
      "importName": "default",
      "importPath": "./Button",
    },
    "location": Object {
      "codePosition": Object {
        "endColumnNumber": 13,
        "endLineNumber": 19,
        "startColumnNumber": 11,
        "startLineNumber": 12,
      },
      "path": "/app.tsx",
    },
    "name": "Button",
    "props": Object {
      "label": Object {
        "definitionPosition": Object {
          "endColumnNumber": 32,
          "endLineNumber": 14,
          "startColumnNumber": 13,
          "startLineNumber": 14,
        },
        "name": "label",
        "namePosition": Object {
          "endColumnNumber": 18,
          "endLineNumber": 14,
          "startColumnNumber": 13,
          "startLineNumber": 14,
        },
        "valuePosition": Object {
          "endColumnNumber": 32,
          "endLineNumber": 14,
          "startColumnNumber": 19,
          "startLineNumber": 14,
        },
      },
      "onClick": Object {
        "definitionPosition": Object {
          "endColumnNumber": 15,
          "endLineNumber": 18,
          "startColumnNumber": 13,
          "startLineNumber": 16,
        },
        "name": "onClick",
        "namePosition": Object {
          "endColumnNumber": 20,
          "endLineNumber": 16,
          "startColumnNumber": 13,
          "startLineNumber": 16,
        },
        "valuePosition": Object {
          "endColumnNumber": 15,
          "endLineNumber": 18,
          "startColumnNumber": 21,
          "startLineNumber": 16,
        },
      },
      "padding": Object {
        "definitionPosition": Object {
          "endColumnNumber": 24,
          "endLineNumber": 15,
          "startColumnNumber": 13,
          "startLineNumber": 15,
        },
        "name": "padding",
        "namePosition": Object {
          "endColumnNumber": 20,
          "endLineNumber": 15,
          "startColumnNumber": 13,
          "startLineNumber": 15,
        },
        "valuePosition": Object {
          "endColumnNumber": 24,
          "endLineNumber": 15,
          "startColumnNumber": 21,
          "startLineNumber": 15,
        },
      },
      "variant": Object {
        "definitionPosition": Object {
          "endColumnNumber": 32,
          "endLineNumber": 13,
          "startColumnNumber": 13,
          "startLineNumber": 13,
        },
        "name": "variant",
        "namePosition": Object {
          "endColumnNumber": 20,
          "endLineNumber": 13,
          "startColumnNumber": 13,
          "startLineNumber": 13,
        },
        "valuePosition": Object {
          "endColumnNumber": 32,
          "endLineNumber": 13,
          "startColumnNumber": 21,
          "startLineNumber": 13,
        },
      },
    },
  },
  Object {
    "importLocation": Object {
      "importName": "default",
      "importPath": "./Button",
    },
    "location": Object {
      "codePosition": Object {
        "endColumnNumber": 21,
        "endLineNumber": 20,
        "startColumnNumber": 11,
        "startLineNumber": 20,
      },
      "path": "/app.tsx",
    },
    "name": "Button",
    "props": Object {},
  },
]
`;
